<?xml version="1.0" encoding="ISO-8859-1" ?>
<link_info>
   <banner>TI ARM Linker PC v18.12.4.LTS</banner>
   <copyright>Copyright (c) 1996-2018 Texas Instruments Incorporated</copyright>
   <link_time>0x5e7a68a4</link_time>
   <link_errors>0x0</link_errors>
   <output_file>balb.out</output_file>
   <entry_point>
      <name>_c_int00_noargs</name>
      <address>0x635d</address>
   </entry_point>
   <input_file_list>
      <input_file id="fl-2">
         <path>.\</path>
         <kind>object</kind>
         <file>eprom.obj</file>
         <name>eprom.obj</name>
      </input_file>
      <input_file id="fl-3">
         <path>.\</path>
         <kind>object</kind>
         <file>eth0.obj</file>
         <name>eth0.obj</name>
      </input_file>
      <input_file id="fl-4">
         <path>.\</path>
         <kind>object</kind>
         <file>gpio.obj</file>
         <name>gpio.obj</name>
      </input_file>
      <input_file id="fl-5">
         <path>.\</path>
         <kind>object</kind>
         <file>main.obj</file>
         <name>main.obj</name>
      </input_file>
      <input_file id="fl-6">
         <path>.\</path>
         <kind>object</kind>
         <file>spi0.obj</file>
         <name>spi0.obj</name>
      </input_file>
      <input_file id="fl-7">
         <path>.\</path>
         <kind>object</kind>
         <file>timer.obj</file>
         <name>timer.obj</name>
      </input_file>
      <input_file id="fl-8">
         <path>.\</path>
         <kind>object</kind>
         <file>tm4c123gh6pm_startup_ccs.obj</file>
         <name>tm4c123gh6pm_startup_ccs.obj</name>
      </input_file>
      <input_file id="fl-9">
         <path>.\</path>
         <kind>object</kind>
         <file>uart0.obj</file>
         <name>uart0.obj</name>
      </input_file>
      <input_file id="fl-a">
         <path>.\</path>
         <kind>object</kind>
         <file>wait.obj</file>
         <name>wait.obj</name>
      </input_file>
      <input_file id="fl-e">
         <kind>object</kind>
         <file>&lt;internal&gt;</file>
         <name>&lt;internal&gt;</name>
      </input_file>
      <input_file id="fl-c4">
         <path>C:\ti\ccs930\ccs\tools\compiler\ti-cgt-arm_18.12.4.LTS\lib\</path>
         <kind>archive</kind>
         <file>rtsv7M4_T_le_v4SPD16_eabi.lib</file>
         <name>sprintf.c.obj</name>
      </input_file>
      <input_file id="fl-c5">
         <path>C:\ti\ccs930\ccs\tools\compiler\ti-cgt-arm_18.12.4.LTS\lib\</path>
         <kind>archive</kind>
         <file>rtsv7M4_T_le_v4SPD16_eabi.lib</file>
         <name>fd_mul_t2.asm.obj</name>
      </input_file>
      <input_file id="fl-c6">
         <path>C:\ti\ccs930\ccs\tools\compiler\ti-cgt-arm_18.12.4.LTS\lib\</path>
         <kind>archive</kind>
         <file>rtsv7M4_T_le_v4SPD16_eabi.lib</file>
         <name>fd_tou_t2.asm.obj</name>
      </input_file>
      <input_file id="fl-c7">
         <path>C:\ti\ccs930\ccs\tools\compiler\ti-cgt-arm_18.12.4.LTS\lib\</path>
         <kind>archive</kind>
         <file>rtsv7M4_T_le_v4SPD16_eabi.lib</file>
         <name>memcpy_t2.asm.obj</name>
      </input_file>
      <input_file id="fl-c8">
         <path>C:\ti\ccs930\ccs\tools\compiler\ti-cgt-arm_18.12.4.LTS\lib\</path>
         <kind>archive</kind>
         <file>rtsv7M4_T_le_v4SPD16_eabi.lib</file>
         <name>u_tofd_t2.asm.obj</name>
      </input_file>
      <input_file id="fl-c9">
         <path>C:\ti\ccs930\ccs\tools\compiler\ti-cgt-arm_18.12.4.LTS\lib\</path>
         <kind>archive</kind>
         <file>rtsv7M4_T_le_v4SPD16_eabi.lib</file>
         <name>copy_zero_init.c.obj</name>
      </input_file>
      <input_file id="fl-ca">
         <path>C:\ti\ccs930\ccs\tools\compiler\ti-cgt-arm_18.12.4.LTS\lib\</path>
         <kind>archive</kind>
         <file>rtsv7M4_T_le_v4SPD16_eabi.lib</file>
         <name>copy_decompress_none.c.obj</name>
      </input_file>
      <input_file id="fl-cb">
         <path>C:\ti\ccs930\ccs\tools\compiler\ti-cgt-arm_18.12.4.LTS\lib\</path>
         <kind>archive</kind>
         <file>rtsv7M4_T_le_v4SPD16_eabi.lib</file>
         <name>copy_decompress_lzss.c.obj</name>
      </input_file>
      <input_file id="fl-cc">
         <path>C:\ti\ccs930\ccs\tools\compiler\ti-cgt-arm_18.12.4.LTS\lib\</path>
         <kind>archive</kind>
         <file>rtsv7M4_T_le_v4SPD16_eabi.lib</file>
         <name>strcmp.c.obj</name>
      </input_file>
      <input_file id="fl-cd">
         <path>C:\ti\ccs930\ccs\tools\compiler\ti-cgt-arm_18.12.4.LTS\lib\</path>
         <kind>archive</kind>
         <file>rtsv7M4_T_le_v4SPD16_eabi.lib</file>
         <name>boot_cortex_m.c.obj</name>
      </input_file>
      <input_file id="fl-ce">
         <path>C:\ti\ccs930\ccs\tools\compiler\ti-cgt-arm_18.12.4.LTS\lib\</path>
         <kind>archive</kind>
         <file>rtsv7M4_T_le_v4SPD16_eabi.lib</file>
         <name>_printfi.c.obj</name>
      </input_file>
      <input_file id="fl-cf">
         <path>C:\ti\ccs930\ccs\tools\compiler\ti-cgt-arm_18.12.4.LTS\lib\</path>
         <kind>archive</kind>
         <file>rtsv7M4_T_le_v4SPD16_eabi.lib</file>
         <name>fd_add_t2.asm.obj</name>
      </input_file>
      <input_file id="fl-d0">
         <path>C:\ti\ccs930\ccs\tools\compiler\ti-cgt-arm_18.12.4.LTS\lib\</path>
         <kind>archive</kind>
         <file>rtsv7M4_T_le_v4SPD16_eabi.lib</file>
         <name>fd_cmp_t2.asm.obj</name>
      </input_file>
      <input_file id="fl-d1">
         <path>C:\ti\ccs930\ccs\tools\compiler\ti-cgt-arm_18.12.4.LTS\lib\</path>
         <kind>archive</kind>
         <file>rtsv7M4_T_le_v4SPD16_eabi.lib</file>
         <name>fd_div_t2.asm.obj</name>
      </input_file>
      <input_file id="fl-d2">
         <path>C:\ti\ccs930\ccs\tools\compiler\ti-cgt-arm_18.12.4.LTS\lib\</path>
         <kind>archive</kind>
         <file>rtsv7M4_T_le_v4SPD16_eabi.lib</file>
         <name>fd_toi_t2.asm.obj</name>
      </input_file>
      <input_file id="fl-d3">
         <path>C:\ti\ccs930\ccs\tools\compiler\ti-cgt-arm_18.12.4.LTS\lib\</path>
         <kind>archive</kind>
         <file>rtsv7M4_T_le_v4SPD16_eabi.lib</file>
         <name>i_tofd_t2.asm.obj</name>
      </input_file>
      <input_file id="fl-d4">
         <path>C:\ti\ccs930\ccs\tools\compiler\ti-cgt-arm_18.12.4.LTS\lib\</path>
         <kind>archive</kind>
         <file>rtsv7M4_T_le_v4SPD16_eabi.lib</file>
         <name>ull_div_t2.asm.obj</name>
      </input_file>
      <input_file id="fl-d5">
         <path>C:\ti\ccs930\ccs\tools\compiler\ti-cgt-arm_18.12.4.LTS\lib\</path>
         <kind>archive</kind>
         <file>rtsv7M4_T_le_v4SPD16_eabi.lib</file>
         <name>memset_t2.asm.obj</name>
      </input_file>
      <input_file id="fl-d6">
         <path>C:\ti\ccs930\ccs\tools\compiler\ti-cgt-arm_18.12.4.LTS\lib\</path>
         <kind>archive</kind>
         <file>rtsv7M4_T_le_v4SPD16_eabi.lib</file>
         <name>autoinit.c.obj</name>
      </input_file>
      <input_file id="fl-d7">
         <path>C:\ti\ccs930\ccs\tools\compiler\ti-cgt-arm_18.12.4.LTS\lib\</path>
         <kind>archive</kind>
         <file>rtsv7M4_T_le_v4SPD16_eabi.lib</file>
         <name>pre_init.c.obj</name>
      </input_file>
      <input_file id="fl-d8">
         <path>C:\ti\ccs930\ccs\tools\compiler\ti-cgt-arm_18.12.4.LTS\lib\</path>
         <kind>archive</kind>
         <file>rtsv7M4_T_le_v4SPD16_eabi.lib</file>
         <name>cpy_tbl.c.obj</name>
      </input_file>
      <input_file id="fl-d9">
         <path>C:\ti\ccs930\ccs\tools\compiler\ti-cgt-arm_18.12.4.LTS\lib\</path>
         <kind>archive</kind>
         <file>rtsv7M4_T_le_v4SPD16_eabi.lib</file>
         <name>exit.c.obj</name>
      </input_file>
      <input_file id="fl-da">
         <path>C:\ti\ccs930\ccs\tools\compiler\ti-cgt-arm_18.12.4.LTS\lib\</path>
         <kind>archive</kind>
         <file>rtsv7M4_T_le_v4SPD16_eabi.lib</file>
         <name>_lock.c.obj</name>
      </input_file>
      <input_file id="fl-db">
         <path>C:\ti\ccs930\ccs\tools\compiler\ti-cgt-arm_18.12.4.LTS\lib\</path>
         <kind>archive</kind>
         <file>rtsv7M4_T_le_v4SPD16_eabi.lib</file>
         <name>args_main.c.obj</name>
      </input_file>
      <input_file id="fl-dc">
         <path>C:\ti\ccs930\ccs\tools\compiler\ti-cgt-arm_18.12.4.LTS\lib\</path>
         <kind>archive</kind>
         <file>rtsv7M4_T_le_v4SPD16_eabi.lib</file>
         <name>ltoa.c.obj</name>
      </input_file>
      <input_file id="fl-dd">
         <path>C:\ti\ccs930\ccs\tools\compiler\ti-cgt-arm_18.12.4.LTS\lib\</path>
         <kind>archive</kind>
         <file>rtsv7M4_T_le_v4SPD16_eabi.lib</file>
         <name>memccpy.c.obj</name>
      </input_file>
      <input_file id="fl-de">
         <path>C:\ti\ccs930\ccs\tools\compiler\ti-cgt-arm_18.12.4.LTS\lib\</path>
         <kind>archive</kind>
         <file>rtsv7M4_T_le_v4SPD16_eabi.lib</file>
         <name>strchr.c.obj</name>
      </input_file>
      <input_file id="fl-df">
         <path>C:\ti\ccs930\ccs\tools\compiler\ti-cgt-arm_18.12.4.LTS\lib\</path>
         <kind>archive</kind>
         <file>rtsv7M4_T_le_v4SPD16_eabi.lib</file>
         <name>strlen.c.obj</name>
      </input_file>
      <input_file id="fl-e0">
         <path>C:\ti\ccs930\ccs\tools\compiler\ti-cgt-arm_18.12.4.LTS\lib\</path>
         <kind>archive</kind>
         <file>rtsv7M4_T_le_v4SPD16_eabi.lib</file>
         <name>errno.c.obj</name>
      </input_file>
      <input_file id="fl-e1">
         <path>C:\ti\ccs930\ccs\tools\compiler\ti-cgt-arm_18.12.4.LTS\lib\</path>
         <kind>archive</kind>
         <file>rtsv7M4_T_le_v4SPD16_eabi.lib</file>
         <name>wcslen.c.obj</name>
      </input_file>
      <input_file id="fl-e2">
         <path>C:\ti\ccs930\ccs\tools\compiler\ti-cgt-arm_18.12.4.LTS\lib\</path>
         <kind>archive</kind>
         <file>rtsv7M4_T_le_v4SPD16_eabi.lib</file>
         <name>s_frexp.c.obj</name>
      </input_file>
      <input_file id="fl-e3">
         <path>C:\ti\ccs930\ccs\tools\compiler\ti-cgt-arm_18.12.4.LTS\lib\</path>
         <kind>archive</kind>
         <file>rtsv7M4_T_le_v4SPD16_eabi.lib</file>
         <name>s_scalbn.c.obj</name>
      </input_file>
      <input_file id="fl-e4">
         <path>C:\ti\ccs930\ccs\tools\compiler\ti-cgt-arm_18.12.4.LTS\lib\</path>
         <kind>archive</kind>
         <file>rtsv7M4_T_le_v4SPD16_eabi.lib</file>
         <name>div0.asm.obj</name>
      </input_file>
      <input_file id="fl-e5">
         <path>C:\ti\ccs930\ccs\tools\compiler\ti-cgt-arm_18.12.4.LTS\lib\</path>
         <kind>archive</kind>
         <file>rtsv7M4_T_le_v4SPD16_eabi.lib</file>
         <name>s_copysign.c.obj</name>
      </input_file>
   </input_file_list>
   <object_component_list>
      <object_component id="oc-f">
         <name>.intvecs</name>
         <load_address>0x0</load_address>
         <run_address>0x0</run_address>
         <size>0x26c</size>
         <input_file_ref idref="fl-8"/>
      </object_component>
      <object_component id="oc-e6">
         <name>.text</name>
         <load_address>0x26c</load_address>
         <run_address>0x26c</run_address>
         <size>0x272c</size>
         <input_file_ref idref="fl-3"/>
      </object_component>
      <object_component id="oc-af">
         <name>.text</name>
         <load_address>0x2998</load_address>
         <run_address>0x2998</run_address>
         <size>0xa7c</size>
         <input_file_ref idref="fl-5"/>
      </object_component>
      <object_component id="oc-192">
         <name>.text:__TI_printfi</name>
         <load_address>0x3414</load_address>
         <run_address>0x3414</run_address>
         <size>0xa4e</size>
         <input_file_ref idref="fl-ce"/>
      </object_component>
      <object_component id="oc-2e0">
         <name>.text</name>
         <load_address>0x3e62</load_address>
         <run_address>0x3e62</run_address>
         <size>0x2</size>
         <input_file_ref idref="fl-e4"/>
      </object_component>
      <object_component id="oc-da">
         <name>.text</name>
         <load_address>0x3e64</load_address>
         <run_address>0x3e64</run_address>
         <size>0x7c0</size>
         <input_file_ref idref="fl-4"/>
      </object_component>
      <object_component id="oc-ec">
         <name>.text</name>
         <load_address>0x4624</load_address>
         <run_address>0x4624</run_address>
         <size>0x52c</size>
         <input_file_ref idref="fl-9"/>
      </object_component>
      <object_component id="oc-2a">
         <name>.text</name>
         <load_address>0x4b50</load_address>
         <run_address>0x4b50</run_address>
         <size>0x39c</size>
         <input_file_ref idref="fl-7"/>
      </object_component>
      <object_component id="oc-20f">
         <name>.text:_pconv_a</name>
         <load_address>0x4eec</load_address>
         <run_address>0x4eec</run_address>
         <size>0x270</size>
         <input_file_ref idref="fl-ce"/>
      </object_component>
      <object_component id="oc-1fd">
         <name>.text:_pconv_g</name>
         <load_address>0x515c</load_address>
         <run_address>0x515c</run_address>
         <size>0x1d0</size>
         <input_file_ref idref="fl-ce"/>
      </object_component>
      <object_component id="oc-27d">
         <name>.text</name>
         <load_address>0x532c</load_address>
         <run_address>0x532c</run_address>
         <size>0x1b6</size>
         <input_file_ref idref="fl-cf"/>
      </object_component>
      <object_component id="oc-166">
         <name>.text</name>
         <load_address>0x54e4</load_address>
         <run_address>0x54e4</run_address>
         <size>0x160</size>
         <input_file_ref idref="fl-6"/>
      </object_component>
      <object_component id="oc-209">
         <name>.text:_pconv_e</name>
         <load_address>0x5644</load_address>
         <run_address>0x5644</run_address>
         <size>0x13c</size>
         <input_file_ref idref="fl-ce"/>
      </object_component>
      <object_component id="oc-263">
         <name>.text</name>
         <load_address>0x5780</load_address>
         <run_address>0x5780</run_address>
         <size>0x136</size>
         <input_file_ref idref="fl-d1"/>
      </object_component>
      <object_component id="oc-28f">
         <name>.text:fcvt</name>
         <load_address>0x58b8</load_address>
         <run_address>0x58b8</run_address>
         <size>0x124</size>
         <input_file_ref idref="fl-ce"/>
      </object_component>
      <object_component id="oc-2a3">
         <name>.text:scalbn</name>
         <load_address>0x59dc</load_address>
         <run_address>0x59dc</run_address>
         <size>0x110</size>
         <input_file_ref idref="fl-e3"/>
      </object_component>
      <object_component id="oc-10c">
         <name>.text</name>
         <load_address>0x5aec</load_address>
         <run_address>0x5aec</run_address>
         <size>0xfc</size>
         <input_file_ref idref="fl-c5"/>
      </object_component>
      <object_component id="oc-1f2">
         <name>.text:_ltostr</name>
         <load_address>0x5be8</load_address>
         <run_address>0x5be8</run_address>
         <size>0xb1</size>
         <input_file_ref idref="fl-ce"/>
      </object_component>
      <object_component id="oc-3e">
         <name>.text</name>
         <load_address>0x5c9a</load_address>
         <run_address>0x5c9a</run_address>
         <size>0x9c</size>
         <input_file_ref idref="fl-c7"/>
      </object_component>
      <object_component id="oc-25c">
         <name>.text</name>
         <load_address>0x5d36</load_address>
         <run_address>0x5d36</run_address>
         <size>0x96</size>
         <input_file_ref idref="fl-d4"/>
      </object_component>
      <object_component id="oc-1f8">
         <name>.text:__aeabi_cdcmple</name>
         <load_address>0x5dcc</load_address>
         <run_address>0x5dcc</run_address>
         <size>0x86</size>
         <input_file_ref idref="fl-d0"/>
      </object_component>
      <object_component id="oc-268">
         <name>.text:__aeabi_cdrcmple</name>
         <load_address>0x5e52</load_address>
         <run_address>0x5e52</run_address>
         <size>0x86</size>
         <input_file_ref idref="fl-d0"/>
      </object_component>
      <object_component id="oc-e0">
         <name>.text</name>
         <load_address>0x5ed8</load_address>
         <run_address>0x5ed8</run_address>
         <size>0x84</size>
         <input_file_ref idref="fl-2"/>
      </object_component>
      <object_component id="oc-a3">
         <name>.text</name>
         <load_address>0x5f5c</load_address>
         <run_address>0x5f5c</run_address>
         <size>0x7a</size>
         <input_file_ref idref="fl-d5"/>
      </object_component>
      <object_component id="oc-288">
         <name>.text:_mcpy</name>
         <load_address>0x5fd6</load_address>
         <run_address>0x5fd6</run_address>
         <size>0x6e</size>
         <input_file_ref idref="fl-ce"/>
      </object_component>
      <object_component id="oc-12">
         <name>.text:decompress:lzss:__TI_decompress_lzss</name>
         <load_address>0x6044</load_address>
         <run_address>0x6044</run_address>
         <size>0x68</size>
         <input_file_ref idref="fl-cb"/>
      </object_component>
      <object_component id="oc-29d">
         <name>.text:frexp</name>
         <load_address>0x60ac</load_address>
         <run_address>0x60ac</run_address>
         <size>0x64</size>
         <input_file_ref idref="fl-e2"/>
      </object_component>
      <object_component id="oc-203">
         <name>.text:_pconv_f</name>
         <load_address>0x6110</load_address>
         <run_address>0x6110</run_address>
         <size>0x56</size>
         <input_file_ref idref="fl-ce"/>
      </object_component>
      <object_component id="oc-272">
         <name>.text:ltoa</name>
         <load_address>0x6166</load_address>
         <run_address>0x6166</run_address>
         <size>0x54</size>
         <input_file_ref idref="fl-dc"/>
      </object_component>
      <object_component id="oc-282">
         <name>.text:_ecpy</name>
         <load_address>0x61ba</load_address>
         <run_address>0x61ba</run_address>
         <size>0x52</size>
         <input_file_ref idref="fl-ce"/>
      </object_component>
      <object_component id="oc-26d">
         <name>.text</name>
         <load_address>0x620c</load_address>
         <run_address>0x620c</run_address>
         <size>0x48</size>
         <input_file_ref idref="fl-d2"/>
      </object_component>
      <object_component id="oc-128">
         <name>.text:__TI_auto_init_nobinit_nopinit:__TI_auto_init_nobinit_nopinit</name>
         <load_address>0x6254</load_address>
         <run_address>0x6254</run_address>
         <size>0x44</size>
         <input_file_ref idref="fl-d6"/>
      </object_component>
      <object_component id="oc-111">
         <name>.text</name>
         <load_address>0x6298</load_address>
         <run_address>0x6298</run_address>
         <size>0x44</size>
         <input_file_ref idref="fl-c6"/>
      </object_component>
      <object_component id="oc-f2">
         <name>.text:sprintf</name>
         <load_address>0x62dc</load_address>
         <run_address>0x62dc</run_address>
         <size>0x40</size>
         <input_file_ref idref="fl-c4"/>
      </object_component>
      <object_component id="oc-295">
         <name>.text:_fcpy</name>
         <load_address>0x631c</load_address>
         <run_address>0x631c</run_address>
         <size>0x3e</size>
         <input_file_ref idref="fl-ce"/>
      </object_component>
      <object_component id="oc-5c">
         <name>.text:_c_int00_noargs:_c_int00_noargs</name>
         <load_address>0x635c</load_address>
         <run_address>0x635c</run_address>
         <size>0x34</size>
         <input_file_ref idref="fl-cd"/>
      </object_component>
      <object_component id="oc-278">
         <name>.text</name>
         <load_address>0x6390</load_address>
         <run_address>0x6390</run_address>
         <size>0x2e</size>
         <input_file_ref idref="fl-d3"/>
      </object_component>
      <object_component id="oc-fb">
         <name>.text</name>
         <load_address>0x63be</load_address>
         <run_address>0x63be</run_address>
         <size>0x24</size>
         <input_file_ref idref="fl-a"/>
      </object_component>
      <object_component id="oc-107">
         <name>.text</name>
         <load_address>0x63e2</load_address>
         <run_address>0x63e2</run_address>
         <size>0x20</size>
         <input_file_ref idref="fl-c8"/>
      </object_component>
      <object_component id="oc-4a">
         <name>.text:decompress:ZI:__TI_zero_init_nomemset:__TI_zero_init_nomemset</name>
         <load_address>0x6402</load_address>
         <run_address>0x6402</run_address>
         <size>0x1c</size>
         <input_file_ref idref="fl-c9"/>
      </object_component>
      <object_component id="oc-215">
         <name>.text:memccpy</name>
         <load_address>0x641e</load_address>
         <run_address>0x641e</run_address>
         <size>0x1c</size>
         <input_file_ref idref="fl-dd"/>
      </object_component>
      <object_component id="oc-2f8">
         <name>.text:copysign</name>
         <load_address>0x643a</load_address>
         <run_address>0x643a</run_address>
         <size>0x1a</size>
         <input_file_ref idref="fl-e5"/>
      </object_component>
      <object_component id="oc-198">
         <name>.text:_outs</name>
         <load_address>0x6454</load_address>
         <run_address>0x6454</run_address>
         <size>0x18</size>
         <input_file_ref idref="fl-c4"/>
      </object_component>
      <object_component id="oc-101">
         <name>.text:strcmp</name>
         <load_address>0x646c</load_address>
         <run_address>0x646c</run_address>
         <size>0x18</size>
         <input_file_ref idref="fl-cc"/>
      </object_component>
      <object_component id="oc-2a9">
         <name>.text:strchr</name>
         <load_address>0x6484</load_address>
         <run_address>0x6484</run_address>
         <size>0x16</size>
         <input_file_ref idref="fl-de"/>
      </object_component>
      <object_component id="oc-1ec">
         <name>.text:strlen</name>
         <load_address>0x649a</load_address>
         <run_address>0x649a</run_address>
         <size>0x14</size>
         <input_file_ref idref="fl-df"/>
      </object_component>
      <object_component id="oc-21b">
         <name>.text:wcslen</name>
         <load_address>0x64ae</load_address>
         <run_address>0x64ae</run_address>
         <size>0x12</size>
         <input_file_ref idref="fl-e1"/>
      </object_component>
      <object_component id="oc-18">
         <name>.text:decompress:none:__TI_decompress_none</name>
         <load_address>0x64c0</load_address>
         <run_address>0x64c0</run_address>
         <size>0xe</size>
         <input_file_ref idref="fl-ca"/>
      </object_component>
      <object_component id="oc-24">
         <name>.text</name>
         <load_address>0x64ce</load_address>
         <run_address>0x64ce</run_address>
         <size>0xc</size>
         <input_file_ref idref="fl-8"/>
      </object_component>
      <object_component id="oc-19e">
         <name>.text:_outc</name>
         <load_address>0x64da</load_address>
         <run_address>0x64da</run_address>
         <size>0xa</size>
         <input_file_ref idref="fl-c4"/>
      </object_component>
      <object_component id="oc-221">
         <name>.text:__aeabi_errno_addr</name>
         <load_address>0x64e4</load_address>
         <run_address>0x64e4</run_address>
         <size>0x8</size>
         <input_file_ref idref="fl-e0"/>
      </object_component>
      <object_component id="oc-a9">
         <name>.text:_system_pre_init</name>
         <load_address>0x64ec</load_address>
         <run_address>0x64ec</run_address>
         <size>0x4</size>
         <input_file_ref idref="fl-d7"/>
      </object_component>
      <object_component id="oc-11c">
         <name>.text:abort:abort</name>
         <load_address>0x64f0</load_address>
         <run_address>0x64f0</run_address>
         <size>0x4</size>
         <input_file_ref idref="fl-d9"/>
      </object_component>
      <object_component id="oc-34c">
         <name>.cinit..data.load</name>
         <load_address>0x64f8</load_address>
         <run_address>0x64f8</run_address>
         <size>0x1b</size>
      </object_component>
      <object_component id="oc-34a">
         <name>__TI_handler_table</name>
         <load_address>0x6514</load_address>
         <run_address>0x6514</run_address>
         <size>0xc</size>
      </object_component>
      <object_component id="oc-34d">
         <name>.cinit..bss.load</name>
         <load_address>0x6520</load_address>
         <run_address>0x6520</run_address>
         <size>0x8</size>
      </object_component>
      <object_component id="oc-34b">
         <name>__TI_cinit_table</name>
         <load_address>0x6528</load_address>
         <run_address>0x6528</run_address>
         <size>0x10</size>
      </object_component>
      <object_component id="oc-16f">
         <name>.data</name>
         <load_address>0x20001094</load_address>
         <run_address>0x20001094</run_address>
         <size>0x8</size>
         <input_file_ref idref="fl-3"/>
      </object_component>
      <object_component id="oc-16c">
         <name>.data:macAddress</name>
         <load_address>0x2000109c</load_address>
         <run_address>0x2000109c</run_address>
         <size>0x6</size>
         <input_file_ref idref="fl-3"/>
      </object_component>
      <object_component id="oc-175">
         <name>.data:ipAddress</name>
         <load_address>0x200010ac</load_address>
         <run_address>0x200010ac</run_address>
         <size>0x4</size>
         <input_file_ref idref="fl-3"/>
      </object_component>
      <object_component id="oc-187">
         <name>.data:tempIpAddress</name>
         <load_address>0x200010c0</load_address>
         <run_address>0x200010c0</run_address>
         <size>0x4</size>
         <input_file_ref idref="fl-3"/>
      </object_component>
      <object_component id="oc-17e">
         <name>.data:ipSubnetMask</name>
         <load_address>0x200010b4</load_address>
         <run_address>0x200010b4</run_address>
         <size>0x4</size>
         <input_file_ref idref="fl-3"/>
      </object_component>
      <object_component id="oc-178">
         <name>.data:ipGwAddress</name>
         <load_address>0x200010b0</load_address>
         <run_address>0x200010b0</run_address>
         <size>0x4</size>
         <input_file_ref idref="fl-3"/>
      </object_component>
      <object_component id="oc-17b">
         <name>.data:dnsAddress</name>
         <load_address>0x200010a8</load_address>
         <run_address>0x200010a8</run_address>
         <size>0x4</size>
         <input_file_ref idref="fl-3"/>
      </object_component>
      <object_component id="oc-184">
         <name>.data:serverIpAddress</name>
         <load_address>0x200010bc</load_address>
         <run_address>0x200010bc</run_address>
         <size>0x4</size>
         <input_file_ref idref="fl-3"/>
      </object_component>
      <object_component id="oc-181">
         <name>.data:serverMacAddress</name>
         <load_address>0x200010a2</load_address>
         <run_address>0x200010a2</run_address>
         <size>0x6</size>
         <input_file_ref idref="fl-3"/>
      </object_component>
      <object_component id="oc-f8">
         <name>.data</name>
         <load_address>0x20001088</load_address>
         <run_address>0x20001088</run_address>
         <size>0x9</size>
         <input_file_ref idref="fl-5"/>
      </object_component>
      <object_component id="oc-2b9">
         <name>.data</name>
         <load_address>0x200010b8</load_address>
         <run_address>0x200010b8</run_address>
         <size>0x4</size>
         <input_file_ref idref="fl-e0"/>
      </object_component>
      <object_component id="oc-172">
         <name>.common:sum</name>
         <uninitialized>true</uninitialized>
         <run_address>0x20001084</run_address>
         <size>0x4</size>
      </object_component>
      <object_component id="oc-75">
         <name>.common:fn</name>
         <uninitialized>true</uninitialized>
         <run_address>0x20001000</run_address>
         <size>0x28</size>
      </object_component>
      <object_component id="oc-71">
         <name>.common:period</name>
         <uninitialized>true</uninitialized>
         <run_address>0x20001028</run_address>
         <size>0x28</size>
      </object_component>
      <object_component id="oc-74">
         <name>.common:ticks</name>
         <uninitialized>true</uninitialized>
         <run_address>0x20001050</run_address>
         <size>0x28</size>
      </object_component>
      <object_component id="oc-76">
         <name>.common:reload</name>
         <uninitialized>true</uninitialized>
         <run_address>0x20001078</run_address>
         <size>0xc</size>
      </object_component>
      <object_component id="oc-21">
         <name>.stack</name>
         <uninitialized>true</uninitialized>
         <run_address>0x20000000</run_address>
         <size>0x4</size>
         <input_file_ref idref="fl-cd"/>
      </object_component>
      <object_component id="oc-34e">
         <name>.stack</name>
         <uninitialized>true</uninitialized>
         <run_address>0x20000000</run_address>
         <size>0x0</size>
      </object_component>
      <object_component id="oc-c9">
         <name>.debug_info</name>
         <load_address>0x0</load_address>
         <run_address>0x0</run_address>
         <size>0x23e</size>
         <input_file_ref idref="fl-2"/>
      </object_component>
      <object_component id="oc-e4">
         <name>.debug_info</name>
         <load_address>0x23e</load_address>
         <run_address>0x23e</run_address>
         <size>0x1dc</size>
         <input_file_ref idref="fl-2"/>
      </object_component>
      <object_component id="oc-89">
         <name>.debug_info</name>
         <load_address>0x41a</load_address>
         <run_address>0x41a</run_address>
         <size>0x26b</size>
         <input_file_ref idref="fl-2"/>
      </object_component>
      <object_component id="oc-39">
         <name>.debug_info</name>
         <load_address>0x685</load_address>
         <run_address>0x685</run_address>
         <size>0x84</size>
         <input_file_ref idref="fl-2"/>
      </object_component>
      <object_component id="oc-c3">
         <name>.debug_info</name>
         <load_address>0x709</load_address>
         <run_address>0x709</run_address>
         <size>0x297</size>
         <input_file_ref idref="fl-2"/>
      </object_component>
      <object_component id="oc-78">
         <name>.debug_info</name>
         <load_address>0x9a0</load_address>
         <run_address>0x9a0</run_address>
         <size>0xbb</size>
         <input_file_ref idref="fl-2"/>
      </object_component>
      <object_component id="oc-173">
         <name>.debug_info</name>
         <load_address>0xa5b</load_address>
         <run_address>0xa5b</run_address>
         <size>0x507</size>
         <input_file_ref idref="fl-3"/>
      </object_component>
      <object_component id="oc-170">
         <name>.debug_info</name>
         <load_address>0xf62</load_address>
         <run_address>0xf62</run_address>
         <size>0x159</size>
         <input_file_ref idref="fl-3"/>
      </object_component>
      <object_component id="oc-16d">
         <name>.debug_info</name>
         <load_address>0x10bb</load_address>
         <run_address>0x10bb</run_address>
         <size>0xb6</size>
         <input_file_ref idref="fl-3"/>
      </object_component>
      <object_component id="oc-176">
         <name>.debug_info</name>
         <load_address>0x1171</load_address>
         <run_address>0x1171</run_address>
         <size>0xb4</size>
         <input_file_ref idref="fl-3"/>
      </object_component>
      <object_component id="oc-188">
         <name>.debug_info</name>
         <load_address>0x1225</load_address>
         <run_address>0x1225</run_address>
         <size>0xbc</size>
         <input_file_ref idref="fl-3"/>
      </object_component>
      <object_component id="oc-17f">
         <name>.debug_info</name>
         <load_address>0x12e1</load_address>
         <run_address>0x12e1</run_address>
         <size>0xba</size>
         <input_file_ref idref="fl-3"/>
      </object_component>
      <object_component id="oc-179">
         <name>.debug_info</name>
         <load_address>0x139b</load_address>
         <run_address>0x139b</run_address>
         <size>0xb8</size>
         <input_file_ref idref="fl-3"/>
      </object_component>
      <object_component id="oc-17c">
         <name>.debug_info</name>
         <load_address>0x1453</load_address>
         <run_address>0x1453</run_address>
         <size>0xb6</size>
         <input_file_ref idref="fl-3"/>
      </object_component>
      <object_component id="oc-185">
         <name>.debug_info</name>
         <load_address>0x1509</load_address>
         <run_address>0x1509</run_address>
         <size>0xc0</size>
         <input_file_ref idref="fl-3"/>
      </object_component>
      <object_component id="oc-182">
         <name>.debug_info</name>
         <load_address>0x15c9</load_address>
         <run_address>0x15c9</run_address>
         <size>0xc2</size>
         <input_file_ref idref="fl-3"/>
      </object_component>
      <object_component id="oc-e7">
         <name>.debug_info</name>
         <load_address>0x168b</load_address>
         <run_address>0x168b</run_address>
         <size>0x44b7</size>
         <input_file_ref idref="fl-3"/>
      </object_component>
      <object_component id="oc-15c">
         <name>.debug_info</name>
         <load_address>0x5b42</load_address>
         <run_address>0x5b42</run_address>
         <size>0x88</size>
         <input_file_ref idref="fl-3"/>
      </object_component>
      <object_component id="oc-7d">
         <name>.debug_info</name>
         <load_address>0x5bca</load_address>
         <run_address>0x5bca</run_address>
         <size>0x8b</size>
         <input_file_ref idref="fl-3"/>
      </object_component>
      <object_component id="oc-18b">
         <name>.debug_info</name>
         <load_address>0x5c55</load_address>
         <run_address>0x5c55</run_address>
         <size>0x2c</size>
         <input_file_ref idref="fl-3"/>
      </object_component>
      <object_component id="oc-1d7">
         <name>.debug_info</name>
         <load_address>0x5c81</load_address>
         <run_address>0x5c81</run_address>
         <size>0x5d1</size>
         <input_file_ref idref="fl-3"/>
      </object_component>
      <object_component id="oc-164">
         <name>.debug_info</name>
         <load_address>0x6252</load_address>
         <run_address>0x6252</run_address>
         <size>0x243</size>
         <input_file_ref idref="fl-4"/>
      </object_component>
      <object_component id="oc-db">
         <name>.debug_info</name>
         <load_address>0x6495</load_address>
         <run_address>0x6495</run_address>
         <size>0xf80</size>
         <input_file_ref idref="fl-4"/>
      </object_component>
      <object_component id="oc-c8">
         <name>.debug_info</name>
         <load_address>0x7415</load_address>
         <run_address>0x7415</run_address>
         <size>0x101e</size>
         <input_file_ref idref="fl-5"/>
      </object_component>
      <object_component id="oc-f9">
         <name>.debug_info</name>
         <load_address>0x8433</load_address>
         <run_address>0x8433</run_address>
         <size>0x1f8</size>
         <input_file_ref idref="fl-5"/>
      </object_component>
      <object_component id="oc-b0">
         <name>.debug_info</name>
         <load_address>0x862b</load_address>
         <run_address>0x862b</run_address>
         <size>0x1337</size>
         <input_file_ref idref="fl-5"/>
      </object_component>
      <object_component id="oc-117">
         <name>.debug_info</name>
         <load_address>0x9962</load_address>
         <run_address>0x9962</run_address>
         <size>0x9e</size>
         <input_file_ref idref="fl-5"/>
      </object_component>
      <object_component id="oc-82">
         <name>.debug_info</name>
         <load_address>0x9a00</load_address>
         <run_address>0x9a00</run_address>
         <size>0x2c</size>
         <input_file_ref idref="fl-5"/>
      </object_component>
      <object_component id="oc-168">
         <name>.debug_info</name>
         <load_address>0x9a2c</load_address>
         <run_address>0x9a2c</run_address>
         <size>0x435</size>
         <input_file_ref idref="fl-6"/>
      </object_component>
      <object_component id="oc-72">
         <name>.debug_info</name>
         <load_address>0x9e61</load_address>
         <run_address>0x9e61</run_address>
         <size>0x30e</size>
         <input_file_ref idref="fl-7"/>
      </object_component>
      <object_component id="oc-2b">
         <name>.debug_info</name>
         <load_address>0xa16f</load_address>
         <run_address>0xa16f</run_address>
         <size>0x4e5</size>
         <input_file_ref idref="fl-7"/>
      </object_component>
      <object_component id="oc-32">
         <name>.debug_info</name>
         <load_address>0xa654</load_address>
         <run_address>0xa654</run_address>
         <size>0x2b3</size>
         <input_file_ref idref="fl-8"/>
      </object_component>
      <object_component id="oc-10">
         <name>.debug_info</name>
         <load_address>0xa907</load_address>
         <run_address>0xa907</run_address>
         <size>0xce</size>
         <input_file_ref idref="fl-8"/>
      </object_component>
      <object_component id="oc-28">
         <name>.debug_info</name>
         <load_address>0xa9d5</load_address>
         <run_address>0xa9d5</run_address>
         <size>0x24a</size>
         <input_file_ref idref="fl-8"/>
      </object_component>
      <object_component id="oc-191">
         <name>.debug_info</name>
         <load_address>0xac1f</load_address>
         <run_address>0xac1f</run_address>
         <size>0x27f</size>
         <input_file_ref idref="fl-9"/>
      </object_component>
      <object_component id="oc-ed">
         <name>.debug_info</name>
         <load_address>0xae9e</load_address>
         <run_address>0xae9e</run_address>
         <size>0x96f</size>
         <input_file_ref idref="fl-9"/>
      </object_component>
      <object_component id="oc-fc">
         <name>.debug_info</name>
         <load_address>0xb80d</load_address>
         <run_address>0xb80d</run_address>
         <size>0x105</size>
         <input_file_ref idref="fl-a"/>
      </object_component>
      <object_component id="oc-1a5">
         <name>.debug_info</name>
         <load_address>0xb912</load_address>
         <run_address>0xb912</run_address>
         <size>0x332</size>
         <input_file_ref idref="fl-c4"/>
      </object_component>
      <object_component id="oc-f5">
         <name>.debug_info</name>
         <load_address>0xbc44</load_address>
         <run_address>0xbc44</run_address>
         <size>0x1d0</size>
         <input_file_ref idref="fl-c4"/>
      </object_component>
      <object_component id="oc-19a">
         <name>.debug_info</name>
         <load_address>0xbe14</load_address>
         <run_address>0xbe14</run_address>
         <size>0x18c</size>
         <input_file_ref idref="fl-c4"/>
      </object_component>
      <object_component id="oc-1a1">
         <name>.debug_info</name>
         <load_address>0xbfa0</load_address>
         <run_address>0xbfa0</run_address>
         <size>0x16c</size>
         <input_file_ref idref="fl-c4"/>
      </object_component>
      <object_component id="oc-2c0">
         <name>.debug_info</name>
         <load_address>0xc10c</load_address>
         <run_address>0xc10c</run_address>
         <size>0x2c</size>
         <input_file_ref idref="fl-c4"/>
      </object_component>
      <object_component id="oc-10d">
         <name>.debug_info</name>
         <load_address>0xc138</load_address>
         <run_address>0xc138</run_address>
         <size>0x139</size>
         <input_file_ref idref="fl-c5"/>
      </object_component>
      <object_component id="oc-112">
         <name>.debug_info</name>
         <load_address>0xc271</load_address>
         <run_address>0xc271</run_address>
         <size>0x138</size>
         <input_file_ref idref="fl-c6"/>
      </object_component>
      <object_component id="oc-40">
         <name>.debug_info</name>
         <load_address>0xc3a9</load_address>
         <run_address>0xc3a9</run_address>
         <size>0x118</size>
         <input_file_ref idref="fl-c7"/>
      </object_component>
      <object_component id="oc-10a">
         <name>.debug_info</name>
         <load_address>0xc4c1</load_address>
         <run_address>0xc4c1</run_address>
         <size>0x12d</size>
         <input_file_ref idref="fl-c8"/>
      </object_component>
      <object_component id="oc-a2">
         <name>.debug_info</name>
         <load_address>0xc5ee</load_address>
         <run_address>0xc5ee</run_address>
         <size>0x2d3</size>
         <input_file_ref idref="fl-c9"/>
      </object_component>
      <object_component id="oc-4c">
         <name>.debug_info</name>
         <load_address>0xc8c1</load_address>
         <run_address>0xc8c1</run_address>
         <size>0x1d1</size>
         <input_file_ref idref="fl-c9"/>
      </object_component>
      <object_component id="oc-9d">
         <name>.debug_info</name>
         <load_address>0xca92</load_address>
         <run_address>0xca92</run_address>
         <size>0x46</size>
         <input_file_ref idref="fl-c9"/>
      </object_component>
      <object_component id="oc-d1">
         <name>.debug_info</name>
         <load_address>0xcad8</load_address>
         <run_address>0xcad8</run_address>
         <size>0x2c</size>
         <input_file_ref idref="fl-c9"/>
      </object_component>
      <object_component id="oc-49">
         <name>.debug_info</name>
         <load_address>0xcb04</load_address>
         <run_address>0xcb04</run_address>
         <size>0x2a7</size>
         <input_file_ref idref="fl-ca"/>
      </object_component>
      <object_component id="oc-1a">
         <name>.debug_info</name>
         <load_address>0xcdab</load_address>
         <run_address>0xcdab</run_address>
         <size>0x1e9</size>
         <input_file_ref idref="fl-ca"/>
      </object_component>
      <object_component id="oc-44">
         <name>.debug_info</name>
         <load_address>0xcf94</load_address>
         <run_address>0xcf94</run_address>
         <size>0x46</size>
         <input_file_ref idref="fl-ca"/>
      </object_component>
      <object_component id="oc-95">
         <name>.debug_info</name>
         <load_address>0xcfda</load_address>
         <run_address>0xcfda</run_address>
         <size>0x2c</size>
         <input_file_ref idref="fl-ca"/>
      </object_component>
      <object_component id="oc-93">
         <name>.debug_info</name>
         <load_address>0xd006</load_address>
         <run_address>0xd006</run_address>
         <size>0x29d</size>
         <input_file_ref idref="fl-cb"/>
      </object_component>
      <object_component id="oc-16">
         <name>.debug_info</name>
         <load_address>0xd2a3</load_address>
         <run_address>0xd2a3</run_address>
         <size>0x24f</size>
         <input_file_ref idref="fl-cb"/>
      </object_component>
      <object_component id="oc-34">
         <name>.debug_info</name>
         <load_address>0xd4f2</load_address>
         <run_address>0xd4f2</run_address>
         <size>0x60</size>
         <input_file_ref idref="fl-cb"/>
      </object_component>
      <object_component id="oc-ca">
         <name>.debug_info</name>
         <load_address>0xd552</load_address>
         <run_address>0xd552</run_address>
         <size>0x46</size>
         <input_file_ref idref="fl-cb"/>
      </object_component>
      <object_component id="oc-8e">
         <name>.debug_info</name>
         <load_address>0xd598</load_address>
         <run_address>0xd598</run_address>
         <size>0x39</size>
         <input_file_ref idref="fl-cb"/>
      </object_component>
      <object_component id="oc-1aa">
         <name>.debug_info</name>
         <load_address>0xd5d1</load_address>
         <run_address>0xd5d1</run_address>
         <size>0x289</size>
         <input_file_ref idref="fl-cc"/>
      </object_component>
      <object_component id="oc-104">
         <name>.debug_info</name>
         <load_address>0xd85a</load_address>
         <run_address>0xd85a</run_address>
         <size>0x26e</size>
         <input_file_ref idref="fl-cc"/>
      </object_component>
      <object_component id="oc-22">
         <name>.debug_info</name>
         <load_address>0xdac8</load_address>
         <run_address>0xdac8</run_address>
         <size>0x10a</size>
         <input_file_ref idref="fl-cd"/>
      </object_component>
      <object_component id="oc-60">
         <name>.debug_info</name>
         <load_address>0xdbd2</load_address>
         <run_address>0xdbd2</run_address>
         <size>0x1a8</size>
         <input_file_ref idref="fl-cd"/>
      </object_component>
      <object_component id="oc-228">
         <name>.debug_info</name>
         <load_address>0xdd7a</load_address>
         <run_address>0xdd7a</run_address>
         <size>0x57a</size>
         <input_file_ref idref="fl-ce"/>
      </object_component>
      <object_component id="oc-1f3">
         <name>.debug_info</name>
         <load_address>0xe2f4</load_address>
         <run_address>0xe2f4</run_address>
         <size>0x21d</size>
         <input_file_ref idref="fl-ce"/>
      </object_component>
      <object_component id="oc-283">
         <name>.debug_info</name>
         <load_address>0xe511</load_address>
         <run_address>0xe511</run_address>
         <size>0x1b2</size>
         <input_file_ref idref="fl-ce"/>
      </object_component>
      <object_component id="oc-289">
         <name>.debug_info</name>
         <load_address>0xe6c3</load_address>
         <run_address>0xe6c3</run_address>
         <size>0x21a</size>
         <input_file_ref idref="fl-ce"/>
      </object_component>
      <object_component id="oc-1fe">
         <name>.debug_info</name>
         <load_address>0xe8dd</load_address>
         <run_address>0xe8dd</run_address>
         <size>0x3ba</size>
         <input_file_ref idref="fl-ce"/>
      </object_component>
      <object_component id="oc-290">
         <name>.debug_info</name>
         <load_address>0xec97</load_address>
         <run_address>0xec97</run_address>
         <size>0x304</size>
         <input_file_ref idref="fl-ce"/>
      </object_component>
      <object_component id="oc-296">
         <name>.debug_info</name>
         <load_address>0xef9b</load_address>
         <run_address>0xef9b</run_address>
         <size>0x214</size>
         <input_file_ref idref="fl-ce"/>
      </object_component>
      <object_component id="oc-204">
         <name>.debug_info</name>
         <load_address>0xf1af</load_address>
         <run_address>0xf1af</run_address>
         <size>0x214</size>
         <input_file_ref idref="fl-ce"/>
      </object_component>
      <object_component id="oc-20a">
         <name>.debug_info</name>
         <load_address>0xf3c3</load_address>
         <run_address>0xf3c3</run_address>
         <size>0x303</size>
         <input_file_ref idref="fl-ce"/>
      </object_component>
      <object_component id="oc-210">
         <name>.debug_info</name>
         <load_address>0xf6c6</load_address>
         <run_address>0xf6c6</run_address>
         <size>0x4af</size>
         <input_file_ref idref="fl-ce"/>
      </object_component>
      <object_component id="oc-193">
         <name>.debug_info</name>
         <load_address>0xfb75</load_address>
         <run_address>0xfb75</run_address>
         <size>0x5f3</size>
         <input_file_ref idref="fl-ce"/>
      </object_component>
      <object_component id="oc-229">
         <name>.debug_info</name>
         <load_address>0x10168</load_address>
         <run_address>0x10168</run_address>
         <size>0x86</size>
         <input_file_ref idref="fl-ce"/>
      </object_component>
      <object_component id="oc-2c5">
         <name>.debug_info</name>
         <load_address>0x101ee</load_address>
         <run_address>0x101ee</run_address>
         <size>0x39</size>
         <input_file_ref idref="fl-ce"/>
      </object_component>
      <object_component id="oc-30f">
         <name>.debug_info</name>
         <load_address>0x10227</load_address>
         <run_address>0x10227</run_address>
         <size>0xb6</size>
         <input_file_ref idref="fl-ce"/>
      </object_component>
      <object_component id="oc-2ca">
         <name>.debug_info</name>
         <load_address>0x102dd</load_address>
         <run_address>0x102dd</run_address>
         <size>0x46</size>
         <input_file_ref idref="fl-ce"/>
      </object_component>
      <object_component id="oc-22e">
         <name>.debug_info</name>
         <load_address>0x10323</load_address>
         <run_address>0x10323</run_address>
         <size>0x46</size>
         <input_file_ref idref="fl-ce"/>
      </object_component>
      <object_component id="oc-27e">
         <name>.debug_info</name>
         <load_address>0x10369</load_address>
         <run_address>0x10369</run_address>
         <size>0x14b</size>
         <input_file_ref idref="fl-cf"/>
      </object_component>
      <object_component id="oc-1f9">
         <name>.debug_info</name>
         <load_address>0x104b4</load_address>
         <run_address>0x104b4</run_address>
         <size>0x127</size>
         <input_file_ref idref="fl-d0"/>
      </object_component>
      <object_component id="oc-26a">
         <name>.debug_info</name>
         <load_address>0x105db</load_address>
         <run_address>0x105db</run_address>
         <size>0x129</size>
         <input_file_ref idref="fl-d0"/>
      </object_component>
      <object_component id="oc-265">
         <name>.debug_info</name>
         <load_address>0x10704</load_address>
         <run_address>0x10704</run_address>
         <size>0x139</size>
         <input_file_ref idref="fl-d1"/>
      </object_component>
      <object_component id="oc-26e">
         <name>.debug_info</name>
         <load_address>0x1083d</load_address>
         <run_address>0x1083d</run_address>
         <size>0x12d</size>
         <input_file_ref idref="fl-d2"/>
      </object_component>
      <object_component id="oc-279">
         <name>.debug_info</name>
         <load_address>0x1096a</load_address>
         <run_address>0x1096a</run_address>
         <size>0x12b</size>
         <input_file_ref idref="fl-d3"/>
      </object_component>
      <object_component id="oc-25d">
         <name>.debug_info</name>
         <load_address>0x10a95</load_address>
         <run_address>0x10a95</run_address>
         <size>0x133</size>
         <input_file_ref idref="fl-d4"/>
      </object_component>
      <object_component id="oc-a4">
         <name>.debug_info</name>
         <load_address>0x10bc8</load_address>
         <run_address>0x10bc8</run_address>
         <size>0x146</size>
         <input_file_ref idref="fl-d5"/>
      </object_component>
      <object_component id="oc-1b9">
         <name>.debug_info</name>
         <load_address>0x10d0e</load_address>
         <run_address>0x10d0e</run_address>
         <size>0x4b2</size>
         <input_file_ref idref="fl-d6"/>
      </object_component>
      <object_component id="oc-12b">
         <name>.debug_info</name>
         <load_address>0x111c0</load_address>
         <run_address>0x111c0</run_address>
         <size>0x1a5</size>
         <input_file_ref idref="fl-d6"/>
      </object_component>
      <object_component id="oc-249">
         <name>.debug_info</name>
         <load_address>0x11365</load_address>
         <run_address>0x11365</run_address>
         <size>0x39</size>
         <input_file_ref idref="fl-d6"/>
      </object_component>
      <object_component id="oc-2d2">
         <name>.debug_info</name>
         <load_address>0x1139e</load_address>
         <run_address>0x1139e</run_address>
         <size>0x39</size>
         <input_file_ref idref="fl-d6"/>
      </object_component>
      <object_component id="oc-24e">
         <name>.debug_info</name>
         <load_address>0x113d7</load_address>
         <run_address>0x113d7</run_address>
         <size>0x39</size>
         <input_file_ref idref="fl-d6"/>
      </object_component>
      <object_component id="oc-253">
         <name>.debug_info</name>
         <load_address>0x11410</load_address>
         <run_address>0x11410</run_address>
         <size>0xcd</size>
         <input_file_ref idref="fl-d6"/>
      </object_component>
      <object_component id="oc-aa">
         <name>.debug_info</name>
         <load_address>0x114dd</load_address>
         <run_address>0x114dd</run_address>
         <size>0x152</size>
         <input_file_ref idref="fl-d7"/>
      </object_component>
      <object_component id="oc-11d">
         <name>.debug_info</name>
         <load_address>0x1162f</load_address>
         <run_address>0x1162f</run_address>
         <size>0x121</size>
         <input_file_ref idref="fl-d9"/>
      </object_component>
      <object_component id="oc-2ea">
         <name>.debug_info</name>
         <load_address>0x11750</load_address>
         <run_address>0x11750</run_address>
         <size>0x29a</size>
         <input_file_ref idref="fl-dc"/>
      </object_component>
      <object_component id="oc-276">
         <name>.debug_info</name>
         <load_address>0x119ea</load_address>
         <run_address>0x119ea</run_address>
         <size>0x1cc</size>
         <input_file_ref idref="fl-dc"/>
      </object_component>
      <object_component id="oc-2b1">
         <name>.debug_info</name>
         <load_address>0x11bb6</load_address>
         <run_address>0x11bb6</run_address>
         <size>0x295</size>
         <input_file_ref idref="fl-dd"/>
      </object_component>
      <object_component id="oc-216">
         <name>.debug_info</name>
         <load_address>0x11e4b</load_address>
         <run_address>0x11e4b</run_address>
         <size>0x1b5</size>
         <input_file_ref idref="fl-dd"/>
      </object_component>
      <object_component id="oc-301">
         <name>.debug_info</name>
         <load_address>0x12000</load_address>
         <run_address>0x12000</run_address>
         <size>0x299</size>
         <input_file_ref idref="fl-de"/>
      </object_component>
      <object_component id="oc-2ad">
         <name>.debug_info</name>
         <load_address>0x12299</load_address>
         <run_address>0x12299</run_address>
         <size>0x25d</size>
         <input_file_ref idref="fl-de"/>
      </object_component>
      <object_component id="oc-25b">
         <name>.debug_info</name>
         <load_address>0x124f6</load_address>
         <run_address>0x124f6</run_address>
         <size>0x28e</size>
         <input_file_ref idref="fl-df"/>
      </object_component>
      <object_component id="oc-1ef">
         <name>.debug_info</name>
         <load_address>0x12784</load_address>
         <run_address>0x12784</run_address>
         <size>0x240</size>
         <input_file_ref idref="fl-df"/>
      </object_component>
      <object_component id="oc-2bd">
         <name>.debug_info</name>
         <load_address>0x129c4</load_address>
         <run_address>0x129c4</run_address>
         <size>0x288</size>
         <input_file_ref idref="fl-e0"/>
      </object_component>
      <object_component id="oc-2ba">
         <name>.debug_info</name>
         <load_address>0x12c4c</load_address>
         <run_address>0x12c4c</run_address>
         <size>0x10d</size>
         <input_file_ref idref="fl-e0"/>
      </object_component>
      <object_component id="oc-225">
         <name>.debug_info</name>
         <load_address>0x12d59</load_address>
         <run_address>0x12d59</run_address>
         <size>0x14d</size>
         <input_file_ref idref="fl-e0"/>
      </object_component>
      <object_component id="oc-2b8">
         <name>.debug_info</name>
         <load_address>0x12ea6</load_address>
         <run_address>0x12ea6</run_address>
         <size>0x28e</size>
         <input_file_ref idref="fl-e1"/>
      </object_component>
      <object_component id="oc-21f">
         <name>.debug_info</name>
         <load_address>0x13134</load_address>
         <run_address>0x13134</run_address>
         <size>0x159</size>
         <input_file_ref idref="fl-e1"/>
      </object_component>
      <object_component id="oc-304">
         <name>.debug_info</name>
         <load_address>0x1328d</load_address>
         <run_address>0x1328d</run_address>
         <size>0x46</size>
         <input_file_ref idref="fl-e1"/>
      </object_component>
      <object_component id="oc-2b3">
         <name>.debug_info</name>
         <load_address>0x132d3</load_address>
         <run_address>0x132d3</run_address>
         <size>0x39</size>
         <input_file_ref idref="fl-e1"/>
      </object_component>
      <object_component id="oc-2f2">
         <name>.debug_info</name>
         <load_address>0x1330c</load_address>
         <run_address>0x1330c</run_address>
         <size>0x299</size>
         <input_file_ref idref="fl-e2"/>
      </object_component>
      <object_component id="oc-29f">
         <name>.debug_info</name>
         <load_address>0x135a5</load_address>
         <run_address>0x135a5</run_address>
         <size>0x194</size>
         <input_file_ref idref="fl-e2"/>
      </object_component>
      <object_component id="oc-319">
         <name>.debug_info</name>
         <load_address>0x13739</load_address>
         <run_address>0x13739</run_address>
         <size>0x39</size>
         <input_file_ref idref="fl-e2"/>
      </object_component>
      <object_component id="oc-2f3">
         <name>.debug_info</name>
         <load_address>0x13772</load_address>
         <run_address>0x13772</run_address>
         <size>0x2c</size>
         <input_file_ref idref="fl-e2"/>
      </object_component>
      <object_component id="oc-2ff">
         <name>.debug_info</name>
         <load_address>0x1379e</load_address>
         <run_address>0x1379e</run_address>
         <size>0x2fc</size>
         <input_file_ref idref="fl-e3"/>
      </object_component>
      <object_component id="oc-2a4">
         <name>.debug_info</name>
         <load_address>0x13a9a</load_address>
         <run_address>0x13a9a</run_address>
         <size>0x224</size>
         <input_file_ref idref="fl-e3"/>
      </object_component>
      <object_component id="oc-2e2">
         <name>.debug_info</name>
         <load_address>0x13cbe</load_address>
         <run_address>0x13cbe</run_address>
         <size>0x114</size>
         <input_file_ref idref="fl-e4"/>
      </object_component>
      <object_component id="oc-2f9">
         <name>.debug_info</name>
         <load_address>0x13dd2</load_address>
         <run_address>0x13dd2</run_address>
         <size>0x160</size>
         <input_file_ref idref="fl-e5"/>
      </object_component>
      <object_component id="oc-34f">
         <name>.debug_info</name>
         <load_address>0x13f32</load_address>
         <run_address>0x13f32</run_address>
         <size>0x81</size>
      </object_component>
      <object_component id="oc-162">
         <name>.debug_line</name>
         <load_address>0x0</load_address>
         <run_address>0x0</run_address>
         <size>0x20</size>
         <input_file_ref idref="fl-2"/>
      </object_component>
      <object_component id="oc-e2">
         <name>.debug_line</name>
         <load_address>0x20</load_address>
         <run_address>0x20</run_address>
         <size>0x7c</size>
         <input_file_ref idref="fl-2"/>
      </object_component>
      <object_component id="oc-8c">
         <name>.debug_line</name>
         <load_address>0x9c</load_address>
         <run_address>0x9c</run_address>
         <size>0x6f</size>
         <input_file_ref idref="fl-2"/>
      </object_component>
      <object_component id="oc-3c">
         <name>.debug_line</name>
         <load_address>0x10b</load_address>
         <run_address>0x10b</run_address>
         <size>0x20</size>
         <input_file_ref idref="fl-2"/>
      </object_component>
      <object_component id="oc-c6">
         <name>.debug_line</name>
         <load_address>0x12b</load_address>
         <run_address>0x12b</run_address>
         <size>0x73</size>
         <input_file_ref idref="fl-2"/>
      </object_component>
      <object_component id="oc-7b">
         <name>.debug_line</name>
         <load_address>0x19e</load_address>
         <run_address>0x19e</run_address>
         <size>0x70</size>
         <input_file_ref idref="fl-2"/>
      </object_component>
      <object_component id="oc-1d6">
         <name>.debug_line</name>
         <load_address>0x20e</load_address>
         <run_address>0x20e</run_address>
         <size>0x62</size>
         <input_file_ref idref="fl-3"/>
      </object_component>
      <object_component id="oc-1d4">
         <name>.debug_line</name>
         <load_address>0x270</load_address>
         <run_address>0x270</run_address>
         <size>0x2d</size>
         <input_file_ref idref="fl-3"/>
      </object_component>
      <object_component id="oc-1d2">
         <name>.debug_line</name>
         <load_address>0x29d</load_address>
         <run_address>0x29d</run_address>
         <size>0x2d</size>
         <input_file_ref idref="fl-3"/>
      </object_component>
      <object_component id="oc-1dd">
         <name>.debug_line</name>
         <load_address>0x2ca</load_address>
         <run_address>0x2ca</run_address>
         <size>0x2d</size>
         <input_file_ref idref="fl-3"/>
      </object_component>
      <object_component id="oc-1e9">
         <name>.debug_line</name>
         <load_address>0x2f7</load_address>
         <run_address>0x2f7</run_address>
         <size>0x2d</size>
         <input_file_ref idref="fl-3"/>
      </object_component>
      <object_component id="oc-1e3">
         <name>.debug_line</name>
         <load_address>0x324</load_address>
         <run_address>0x324</run_address>
         <size>0x2d</size>
         <input_file_ref idref="fl-3"/>
      </object_component>
      <object_component id="oc-1df">
         <name>.debug_line</name>
         <load_address>0x351</load_address>
         <run_address>0x351</run_address>
         <size>0x2d</size>
         <input_file_ref idref="fl-3"/>
      </object_component>
      <object_component id="oc-1e1">
         <name>.debug_line</name>
         <load_address>0x37e</load_address>
         <run_address>0x37e</run_address>
         <size>0x2d</size>
         <input_file_ref idref="fl-3"/>
      </object_component>
      <object_component id="oc-1e7">
         <name>.debug_line</name>
         <load_address>0x3ab</load_address>
         <run_address>0x3ab</run_address>
         <size>0x2d</size>
         <input_file_ref idref="fl-3"/>
      </object_component>
      <object_component id="oc-1e5">
         <name>.debug_line</name>
         <load_address>0x3d8</load_address>
         <run_address>0x3d8</run_address>
         <size>0x2d</size>
         <input_file_ref idref="fl-3"/>
      </object_component>
      <object_component id="oc-eb">
         <name>.debug_line</name>
         <load_address>0x405</load_address>
         <run_address>0x405</run_address>
         <size>0xe24</size>
         <input_file_ref idref="fl-3"/>
      </object_component>
      <object_component id="oc-15f">
         <name>.debug_line</name>
         <load_address>0x1229</load_address>
         <run_address>0x1229</run_address>
         <size>0x2d</size>
         <input_file_ref idref="fl-3"/>
      </object_component>
      <object_component id="oc-80">
         <name>.debug_line</name>
         <load_address>0x1256</load_address>
         <run_address>0x1256</run_address>
         <size>0x20</size>
         <input_file_ref idref="fl-3"/>
      </object_component>
      <object_component id="oc-18e">
         <name>.debug_line</name>
         <load_address>0x1276</load_address>
         <run_address>0x1276</run_address>
         <size>0x6b</size>
         <input_file_ref idref="fl-3"/>
      </object_component>
      <object_component id="oc-1da">
         <name>.debug_line</name>
         <load_address>0x12e1</load_address>
         <run_address>0x12e1</run_address>
         <size>0x2d</size>
         <input_file_ref idref="fl-3"/>
      </object_component>
      <object_component id="oc-1cf">
         <name>.debug_line</name>
         <load_address>0x130e</load_address>
         <run_address>0x130e</run_address>
         <size>0x20</size>
         <input_file_ref idref="fl-4"/>
      </object_component>
      <object_component id="oc-df">
         <name>.debug_line</name>
         <load_address>0x132e</load_address>
         <run_address>0x132e</run_address>
         <size>0x39a</size>
         <input_file_ref idref="fl-4"/>
      </object_component>
      <object_component id="oc-15b">
         <name>.debug_line</name>
         <load_address>0x16c8</load_address>
         <run_address>0x16c8</run_address>
         <size>0x106</size>
         <input_file_ref idref="fl-5"/>
      </object_component>
      <object_component id="oc-1a7">
         <name>.debug_line</name>
         <load_address>0x17ce</load_address>
         <run_address>0x17ce</run_address>
         <size>0x2d</size>
         <input_file_ref idref="fl-5"/>
      </object_component>
      <object_component id="oc-b3">
         <name>.debug_line</name>
         <load_address>0x17fb</load_address>
         <run_address>0x17fb</run_address>
         <size>0x3a3</size>
         <input_file_ref idref="fl-5"/>
      </object_component>
      <object_component id="oc-11a">
         <name>.debug_line</name>
         <load_address>0x1b9e</load_address>
         <run_address>0x1b9e</run_address>
         <size>0x2e</size>
         <input_file_ref idref="fl-5"/>
      </object_component>
      <object_component id="oc-85">
         <name>.debug_line</name>
         <load_address>0x1bcc</load_address>
         <run_address>0x1bcc</run_address>
         <size>0x2e</size>
         <input_file_ref idref="fl-5"/>
      </object_component>
      <object_component id="oc-167">
         <name>.debug_line</name>
         <load_address>0x1bfa</load_address>
         <run_address>0x1bfa</run_address>
         <size>0xdd</size>
         <input_file_ref idref="fl-6"/>
      </object_component>
      <object_component id="oc-c2">
         <name>.debug_line</name>
         <load_address>0x1cd7</load_address>
         <run_address>0x1cd7</run_address>
         <size>0x2e</size>
         <input_file_ref idref="fl-7"/>
      </object_component>
      <object_component id="oc-2f">
         <name>.debug_line</name>
         <load_address>0x1d05</load_address>
         <run_address>0x1d05</run_address>
         <size>0x1b9</size>
         <input_file_ref idref="fl-7"/>
      </object_component>
      <object_component id="oc-88">
         <name>.debug_line</name>
         <load_address>0x1ebe</load_address>
         <run_address>0x1ebe</run_address>
         <size>0x4f</size>
         <input_file_ref idref="fl-8"/>
      </object_component>
      <object_component id="oc-31">
         <name>.debug_line</name>
         <load_address>0x1f0d</load_address>
         <run_address>0x1f0d</run_address>
         <size>0x41</size>
         <input_file_ref idref="fl-8"/>
      </object_component>
      <object_component id="oc-27">
         <name>.debug_line</name>
         <load_address>0x1f4e</load_address>
         <run_address>0x1f4e</run_address>
         <size>0xa1</size>
         <input_file_ref idref="fl-8"/>
      </object_component>
      <object_component id="oc-1eb">
         <name>.debug_line</name>
         <load_address>0x1fef</load_address>
         <run_address>0x1fef</run_address>
         <size>0x20</size>
         <input_file_ref idref="fl-9"/>
      </object_component>
      <object_component id="oc-f1">
         <name>.debug_line</name>
         <load_address>0x200f</load_address>
         <run_address>0x200f</run_address>
         <size>0x2c0</size>
         <input_file_ref idref="fl-9"/>
      </object_component>
      <object_component id="oc-100">
         <name>.debug_line</name>
         <load_address>0x22cf</load_address>
         <run_address>0x22cf</run_address>
         <size>0x52</size>
         <input_file_ref idref="fl-a"/>
      </object_component>
      <object_component id="oc-236">
         <name>.debug_line</name>
         <load_address>0x2321</load_address>
         <run_address>0x2321</run_address>
         <size>0x2d</size>
         <input_file_ref idref="fl-c4"/>
      </object_component>
      <object_component id="oc-f3">
         <name>.debug_line</name>
         <load_address>0x234e</load_address>
         <run_address>0x234e</run_address>
         <size>0x4b</size>
         <input_file_ref idref="fl-c4"/>
      </object_component>
      <object_component id="oc-199">
         <name>.debug_line</name>
         <load_address>0x2399</load_address>
         <run_address>0x2399</run_address>
         <size>0x4b</size>
         <input_file_ref idref="fl-c4"/>
      </object_component>
      <object_component id="oc-19f">
         <name>.debug_line</name>
         <load_address>0x23e4</load_address>
         <run_address>0x23e4</run_address>
         <size>0x3f</size>
         <input_file_ref idref="fl-c4"/>
      </object_component>
      <object_component id="oc-2c3">
         <name>.debug_line</name>
         <load_address>0x2423</load_address>
         <run_address>0x2423</run_address>
         <size>0x8f</size>
         <input_file_ref idref="fl-c4"/>
      </object_component>
      <object_component id="oc-110">
         <name>.debug_line</name>
         <load_address>0x24b2</load_address>
         <run_address>0x24b2</run_address>
         <size>0x8e</size>
         <input_file_ref idref="fl-c5"/>
      </object_component>
      <object_component id="oc-115">
         <name>.debug_line</name>
         <load_address>0x2540</load_address>
         <run_address>0x2540</run_address>
         <size>0x59</size>
         <input_file_ref idref="fl-c6"/>
      </object_component>
      <object_component id="oc-42">
         <name>.debug_line</name>
         <load_address>0x2599</load_address>
         <run_address>0x2599</run_address>
         <size>0x88</size>
         <input_file_ref idref="fl-c7"/>
      </object_component>
      <object_component id="oc-109">
         <name>.debug_line</name>
         <load_address>0x2621</load_address>
         <run_address>0x2621</run_address>
         <size>0x4c</size>
         <input_file_ref idref="fl-c8"/>
      </object_component>
      <object_component id="oc-d7">
         <name>.debug_line</name>
         <load_address>0x266d</load_address>
         <run_address>0x266d</run_address>
         <size>0x90</size>
         <input_file_ref idref="fl-c9"/>
      </object_component>
      <object_component id="oc-4e">
         <name>.debug_line</name>
         <load_address>0x26fd</load_address>
         <run_address>0x26fd</run_address>
         <size>0x56</size>
         <input_file_ref idref="fl-c9"/>
      </object_component>
      <object_component id="oc-a0">
         <name>.debug_line</name>
         <load_address>0x2753</load_address>
         <run_address>0x2753</run_address>
         <size>0x34</size>
         <input_file_ref idref="fl-c9"/>
      </object_component>
      <object_component id="oc-d4">
         <name>.debug_line</name>
         <load_address>0x2787</load_address>
         <run_address>0x2787</run_address>
         <size>0x90</size>
         <input_file_ref idref="fl-c9"/>
      </object_component>
      <object_component id="oc-9b">
         <name>.debug_line</name>
         <load_address>0x2817</load_address>
         <run_address>0x2817</run_address>
         <size>0x20</size>
         <input_file_ref idref="fl-ca"/>
      </object_component>
      <object_component id="oc-1d">
         <name>.debug_line</name>
         <load_address>0x2837</load_address>
         <run_address>0x2837</run_address>
         <size>0x55</size>
         <input_file_ref idref="fl-ca"/>
      </object_component>
      <object_component id="oc-47">
         <name>.debug_line</name>
         <load_address>0x288c</load_address>
         <run_address>0x288c</run_address>
         <size>0x3a</size>
         <input_file_ref idref="fl-ca"/>
      </object_component>
      <object_component id="oc-98">
         <name>.debug_line</name>
         <load_address>0x28c6</load_address>
         <run_address>0x28c6</run_address>
         <size>0x90</size>
         <input_file_ref idref="fl-ca"/>
      </object_component>
      <object_component id="oc-d0">
         <name>.debug_line</name>
         <load_address>0x2956</load_address>
         <run_address>0x2956</run_address>
         <size>0x20</size>
         <input_file_ref idref="fl-cb"/>
      </object_component>
      <object_component id="oc-14">
         <name>.debug_line</name>
         <load_address>0x2976</load_address>
         <run_address>0x2976</run_address>
         <size>0xa9</size>
         <input_file_ref idref="fl-cb"/>
      </object_component>
      <object_component id="oc-37">
         <name>.debug_line</name>
         <load_address>0x2a1f</load_address>
         <run_address>0x2a1f</run_address>
         <size>0x3a</size>
         <input_file_ref idref="fl-cb"/>
      </object_component>
      <object_component id="oc-cd">
         <name>.debug_line</name>
         <load_address>0x2a59</load_address>
         <run_address>0x2a59</run_address>
         <size>0x98</size>
         <input_file_ref idref="fl-cb"/>
      </object_component>
      <object_component id="oc-91">
         <name>.debug_line</name>
         <load_address>0x2af1</load_address>
         <run_address>0x2af1</run_address>
         <size>0x94</size>
         <input_file_ref idref="fl-cb"/>
      </object_component>
      <object_component id="oc-238">
         <name>.debug_line</name>
         <load_address>0x2b85</load_address>
         <run_address>0x2b85</run_address>
         <size>0x20</size>
         <input_file_ref idref="fl-cc"/>
      </object_component>
      <object_component id="oc-102">
         <name>.debug_line</name>
         <load_address>0x2ba5</load_address>
         <run_address>0x2ba5</run_address>
         <size>0xab</size>
         <input_file_ref idref="fl-cc"/>
      </object_component>
      <object_component id="oc-6f">
         <name>.debug_line</name>
         <load_address>0x2c50</load_address>
         <run_address>0x2c50</run_address>
         <size>0x33</size>
         <input_file_ref idref="fl-cd"/>
      </object_component>
      <object_component id="oc-5f">
         <name>.debug_line</name>
         <load_address>0x2c83</load_address>
         <run_address>0x2c83</run_address>
         <size>0x45</size>
         <input_file_ref idref="fl-cd"/>
      </object_component>
      <object_component id="oc-2bf">
         <name>.debug_line</name>
         <load_address>0x2cc8</load_address>
         <run_address>0x2cc8</run_address>
         <size>0x25a</size>
         <input_file_ref idref="fl-ce"/>
      </object_component>
      <object_component id="oc-1f7">
         <name>.debug_line</name>
         <load_address>0x2f22</load_address>
         <run_address>0x2f22</run_address>
         <size>0x7a</size>
         <input_file_ref idref="fl-ce"/>
      </object_component>
      <object_component id="oc-287">
         <name>.debug_line</name>
         <load_address>0x2f9c</load_address>
         <run_address>0x2f9c</run_address>
         <size>0x51</size>
         <input_file_ref idref="fl-ce"/>
      </object_component>
      <object_component id="oc-28c">
         <name>.debug_line</name>
         <load_address>0x2fed</load_address>
         <run_address>0x2fed</run_address>
         <size>0x88</size>
         <input_file_ref idref="fl-ce"/>
      </object_component>
      <object_component id="oc-202">
         <name>.debug_line</name>
         <load_address>0x3075</load_address>
         <run_address>0x3075</run_address>
         <size>0x14d</size>
         <input_file_ref idref="fl-ce"/>
      </object_component>
      <object_component id="oc-293">
         <name>.debug_line</name>
         <load_address>0x31c2</load_address>
         <run_address>0x31c2</run_address>
         <size>0xee</size>
         <input_file_ref idref="fl-ce"/>
      </object_component>
      <object_component id="oc-29a">
         <name>.debug_line</name>
         <load_address>0x32b0</load_address>
         <run_address>0x32b0</run_address>
         <size>0x5d</size>
         <input_file_ref idref="fl-ce"/>
      </object_component>
      <object_component id="oc-208">
         <name>.debug_line</name>
         <load_address>0x330d</load_address>
         <run_address>0x330d</run_address>
         <size>0x5c</size>
         <input_file_ref idref="fl-ce"/>
      </object_component>
      <object_component id="oc-20d">
         <name>.debug_line</name>
         <load_address>0x3369</load_address>
         <run_address>0x3369</run_address>
         <size>0xae</size>
         <input_file_ref idref="fl-ce"/>
      </object_component>
      <object_component id="oc-214">
[...]
         <object_component_ref idref="oc-da"/>
      </symbol>
      <symbol id="sm-2e3">
         <name>setPortValue</name>
         <value>0x4511</value>
         <object_component_ref idref="oc-da"/>
      </symbol>
      <symbol id="sm-2e4">
         <name>enablePinInterrupt</name>
         <value>0x4471</value>
         <object_component_ref idref="oc-da"/>
      </symbol>
      <symbol id="sm-2e5">
         <name>setPinAuxFunction</name>
         <value>0x41f5</value>
         <object_component_ref idref="oc-da"/>
      </symbol>
      <symbol id="sm-2e6">
         <name>enablePort</name>
         <value>0x3e65</value>
         <object_component_ref idref="oc-da"/>
      </symbol>
      <symbol id="sm-2e7">
         <name>disablePinPulldown</name>
         <value>0x41cd</value>
         <object_component_ref idref="oc-da"/>
      </symbol>
      <symbol id="sm-2e8">
         <name>setPinCommitControl</name>
         <value>0x40db</value>
         <object_component_ref idref="oc-da"/>
      </symbol>
      <symbol id="sm-2e9">
         <name>disablePort</name>
         <value>0x3f21</value>
         <object_component_ref idref="oc-da"/>
      </symbol>
      <symbol id="sm-2ea">
         <name>disablePinInterrupt</name>
         <value>0x4495</value>
         <object_component_ref idref="oc-da"/>
      </symbol>
      <symbol id="sm-2eb">
         <name>enablePinPullup</name>
         <value>0x4157</value>
         <object_component_ref idref="oc-da"/>
      </symbol>
      <symbol id="sm-2ec">
         <name>getPinValue</name>
         <value>0x44df</value>
         <object_component_ref idref="oc-da"/>
      </symbol>
      <symbol id="sm-2ed">
         <name>enablePinPulldown</name>
         <value>0x41a9</value>
         <object_component_ref idref="oc-da"/>
      </symbol>
      <symbol id="sm-2ee">
         <name>disablePinPullup</name>
         <value>0x4185</value>
         <object_component_ref idref="oc-da"/>
      </symbol>
      <symbol id="sm-2ef">
         <name>selectPinDigitalInput</name>
         <value>0x403d</value>
         <object_component_ref idref="oc-da"/>
      </symbol>
      <symbol id="sm-2f0">
         <name>selectPinInterruptRisingEdge</name>
         <value>0x4307</value>
         <object_component_ref idref="oc-da"/>
      </symbol>
      <symbol id="sm-2f1">
         <name>setPinValue</name>
         <value>0x44b9</value>
         <object_component_ref idref="oc-da"/>
      </symbol>
      <symbol id="sm-3c3">
         <name>initHw</name>
         <value>0x2999</value>
         <object_component_ref idref="oc-af"/>
      </symbol>
      <symbol id="sm-3c4">
         <name>safeToUseIp</name>
         <value>0x2000108e</value>
         <object_component_ref idref="oc-f8"/>
      </symbol>
      <symbol id="sm-3c5">
         <name>startRenewing</name>
         <value>0x2bc3</value>
         <object_component_ref idref="oc-af"/>
      </symbol>
      <symbol id="sm-3c6">
         <name>transitionToInit</name>
         <value>0x20001090</value>
         <object_component_ref idref="oc-f8"/>
      </symbol>
      <symbol id="sm-3c7">
         <name>leaseEndTimer</name>
         <value>0x2bdb</value>
         <object_component_ref idref="oc-af"/>
      </symbol>
      <symbol id="sm-3c8">
         <name>renewLease</name>
         <value>0x20001089</value>
         <object_component_ref idref="oc-f8"/>
      </symbol>
      <symbol id="sm-3c9">
         <name>startT2Timer</name>
         <value>0x2bcb</value>
         <object_component_ref idref="oc-af"/>
      </symbol>
      <symbol id="sm-3ca">
         <name>startT1Timer</name>
         <value>0x2bbb</value>
         <object_component_ref idref="oc-af"/>
      </symbol>
      <symbol id="sm-3cb">
         <name>arpResponse</name>
         <value>0x2be3</value>
         <object_component_ref idref="oc-af"/>
      </symbol>
      <symbol id="sm-3cc">
         <name>sendDhcp</name>
         <value>0x20001088</value>
         <object_component_ref idref="oc-f8"/>
      </symbol>
      <symbol id="sm-3cd">
         <name>startRebinding</name>
         <value>0x2bd3</value>
         <object_component_ref idref="oc-af"/>
      </symbol>
      <symbol id="sm-3ce">
         <name>displayConnectionInfo</name>
         <value>0x29d3</value>
         <object_component_ref idref="oc-af"/>
      </symbol>
      <symbol id="sm-3cf">
         <name>sendRebindRequest</name>
         <value>0x2000108b</value>
         <object_component_ref idref="oc-f8"/>
      </symbol>
      <symbol id="sm-3d0">
         <name>main</name>
         <value>0x2c89</value>
         <object_component_ref idref="oc-af"/>
      </symbol>
      <symbol id="sm-3d1">
         <name>startDeclineTimer</name>
         <value>0x2beb</value>
         <object_component_ref idref="oc-af"/>
      </symbol>
      <symbol id="sm-3d2">
         <name>leaseEnd</name>
         <value>0x2000108d</value>
         <object_component_ref idref="oc-f8"/>
      </symbol>
      <symbol id="sm-3d3">
         <name>rebind</name>
         <value>0x2000108c</value>
         <object_component_ref idref="oc-f8"/>
      </symbol>
      <symbol id="sm-3d4">
         <name>sendRenewRequest</name>
         <value>0x2000108a</value>
         <object_component_ref idref="oc-f8"/>
      </symbol>
      <symbol id="sm-3d5">
         <name>dhcpRelease</name>
         <value>0x2000108f</value>
         <object_component_ref idref="oc-f8"/>
      </symbol>
      <symbol id="sm-3d6">
         <name>sendDhcpDiscovery</name>
         <value>0x2bb3</value>
         <object_component_ref idref="oc-af"/>
      </symbol>
      <symbol id="sm-3f2">
         <name>setSpi0Mode</name>
         <value>0x55b7</value>
         <object_component_ref idref="oc-166"/>
      </symbol>
      <symbol id="sm-3f3">
         <name>readSpi0Data</name>
         <value>0x561d</value>
         <object_component_ref idref="oc-166"/>
      </symbol>
      <symbol id="sm-3f4">
         <name>writeSpi0Data</name>
         <value>0x5605</value>
         <object_component_ref idref="oc-166"/>
      </symbol>
      <symbol id="sm-3f5">
         <name>initSpi0</name>
         <value>0x54e5</value>
         <object_component_ref idref="oc-166"/>
      </symbol>
      <symbol id="sm-3f6">
         <name>setSpi0BaudRate</name>
         <value>0x5581</value>
         <object_component_ref idref="oc-166"/>
      </symbol>
      <symbol id="sm-43e">
         <name>fn</name>
         <value>0x20001000</value>
      </symbol>
      <symbol id="sm-43f">
         <name>period</name>
         <value>0x20001028</value>
      </symbol>
      <symbol id="sm-440">
         <name>ticks</name>
         <value>0x20001050</value>
      </symbol>
      <symbol id="sm-441">
         <name>reload</name>
         <value>0x20001078</value>
      </symbol>
      <symbol id="sm-442">
         <name>initTimer</name>
         <value>0x4b51</value>
         <object_component_ref idref="oc-2a"/>
      </symbol>
      <symbol id="sm-443">
         <name>stopTimer</name>
         <value>0x4cfd</value>
         <object_component_ref idref="oc-2a"/>
      </symbol>
      <symbol id="sm-444">
         <name>stopAllTimers</name>
         <value>0x4d63</value>
         <object_component_ref idref="oc-2a"/>
      </symbol>
      <symbol id="sm-445">
         <name>startOneshotTimer</name>
         <value>0x4bf1</value>
         <object_component_ref idref="oc-2a"/>
      </symbol>
      <symbol id="sm-446">
         <name>restartTimer</name>
         <value>0x4dbf</value>
         <object_component_ref idref="oc-2a"/>
      </symbol>
      <symbol id="sm-447">
         <name>random32</name>
         <value>0x4edd</value>
         <object_component_ref idref="oc-2a"/>
      </symbol>
      <symbol id="sm-448">
         <name>tickIsr</name>
         <value>0x4e4d</value>
         <object_component_ref idref="oc-2a"/>
      </symbol>
      <symbol id="sm-449">
         <name>startPeriodicTimer</name>
         <value>0x4c77</value>
         <object_component_ref idref="oc-2a"/>
      </symbol>
      <symbol id="sm-465">
         <name>ResetISR</name>
         <value>0x64cf</value>
         <object_component_ref idref="oc-24"/>
      </symbol>
      <symbol id="sm-466">
         <name>g_pfnVectors</name>
         <value>0x0</value>
         <object_component_ref idref="oc-f"/>
      </symbol>
      <symbol id="sm-4c3">
         <name>getcUart0</name>
         <value>0x472d</value>
         <object_component_ref idref="oc-ec"/>
      </symbol>
      <symbol id="sm-4c4">
         <name>reverse</name>
         <value>0x4a65</value>
         <object_component_ref idref="oc-ec"/>
      </symbol>
      <symbol id="sm-4c5">
         <name>isCommand</name>
         <value>0x4a1f</value>
         <object_component_ref idref="oc-ec"/>
      </symbol>
      <symbol id="sm-4c6">
         <name>getFieldString</name>
         <value>0x4905</value>
         <object_component_ref idref="oc-ec"/>
      </symbol>
      <symbol id="sm-4c7">
         <name>atoi</name>
         <value>0x49b1</value>
         <object_component_ref idref="oc-ec"/>
      </symbol>
      <symbol id="sm-4c8">
         <name>parseFields</name>
         <value>0x485d</value>
         <object_component_ref idref="oc-ec"/>
      </symbol>
      <symbol id="sm-4c9">
         <name>kbhitUart0</name>
         <value>0x4741</value>
         <object_component_ref idref="oc-ec"/>
      </symbol>
      <symbol id="sm-4ca">
         <name>getFieldInteger</name>
         <value>0x4965</value>
         <object_component_ref idref="oc-ec"/>
      </symbol>
      <symbol id="sm-4cb">
         <name>setUart0BaudRate</name>
         <value>0x46b9</value>
         <object_component_ref idref="oc-ec"/>
      </symbol>
      <symbol id="sm-4cc">
         <name>putsUart0</name>
         <value>0x4701</value>
         <object_component_ref idref="oc-ec"/>
      </symbol>
      <symbol id="sm-4cd">
         <name>initUart0</name>
         <value>0x4625</value>
         <object_component_ref idref="oc-ec"/>
      </symbol>
      <symbol id="sm-4ce">
         <name>putcUart0</name>
         <value>0x46e5</value>
         <object_component_ref idref="oc-ec"/>
      </symbol>
      <symbol id="sm-4cf">
         <name>mystrcmp</name>
         <value>0x49eb</value>
         <object_component_ref idref="oc-ec"/>
      </symbol>
      <symbol id="sm-4d0">
         <name>parseInt</name>
         <value>0x4ac9</value>
         <object_component_ref idref="oc-ec"/>
      </symbol>
      <symbol id="sm-4d1">
         <name>getsUart0</name>
         <value>0x475b</value>
         <object_component_ref idref="oc-ec"/>
      </symbol>
      <symbol id="sm-4df">
         <name>waitMicrosecond</name>
         <value>0x63bf</value>
         <object_component_ref idref="oc-fb"/>
      </symbol>
      <symbol id="sm-506">
         <name>sprintf</name>
         <value>0x62dd</value>
         <object_component_ref idref="oc-f2"/>
      </symbol>
      <symbol id="sm-511">
         <name>__aeabi_dmul</name>
         <value>0x5aed</value>
         <object_component_ref idref="oc-10c"/>
      </symbol>
      <symbol id="sm-51b">
         <name>__aeabi_d2uiz</name>
         <value>0x6299</value>
         <object_component_ref idref="oc-111"/>
      </symbol>
      <symbol id="sm-536">
         <name>memcpy</name>
         <value>0x5c9b</value>
         <object_component_ref idref="oc-3e"/>
      </symbol>
      <symbol id="sm-537">
         <name>__aeabi_memcpy</name>
         <value>0x5c9b</value>
         <object_component_ref idref="oc-3e"/>
      </symbol>
      <symbol id="sm-538">
         <name>__aeabi_memcpy8</name>
         <value>0x5c9b</value>
         <object_component_ref idref="oc-3e"/>
      </symbol>
      <symbol id="sm-539">
         <name>__aeabi_memcpy4</name>
         <value>0x5c9b</value>
         <object_component_ref idref="oc-3e"/>
      </symbol>
      <symbol id="sm-543">
         <name>__aeabi_ui2d</name>
         <value>0x63e3</value>
         <object_component_ref idref="oc-107"/>
      </symbol>
      <symbol id="sm-55c">
         <name>__TI_zero_init_nomemset</name>
         <value>0x6403</value>
         <object_component_ref idref="oc-4a"/>
      </symbol>
      <symbol id="sm-573">
         <name>__TI_decompress_none</name>
         <value>0x64c1</value>
         <object_component_ref idref="oc-18"/>
      </symbol>
      <symbol id="sm-596">
         <name>__TI_decompress_lzss</name>
         <value>0x6045</value>
         <object_component_ref idref="oc-12"/>
      </symbol>
      <symbol id="sm-5a5">
         <name>strcmp</name>
         <value>0x646d</value>
         <object_component_ref idref="oc-101"/>
      </symbol>
      <symbol id="sm-5b8">
         <name>__stack</name>
         <value>0x20000000</value>
         <object_component_ref idref="oc-21"/>
      </symbol>
      <symbol id="sm-5b9">
         <name>_c_int00_noargs</name>
         <value>0x635d</value>
         <object_component_ref idref="oc-5c"/>
      </symbol>
      <symbol id="sm-71e">
         <name>__TI_printfi</name>
         <value>0x3415</value>
         <object_component_ref idref="oc-192"/>
      </symbol>
      <symbol id="sm-735">
         <name>__aeabi_dsub</name>
         <value>0x532d</value>
         <object_component_ref idref="oc-27d"/>
      </symbol>
      <symbol id="sm-736">
         <name>__aeabi_dadd</name>
         <value>0x5337</value>
         <object_component_ref idref="oc-27d"/>
      </symbol>
      <symbol id="sm-758">
         <name>__aeabi_cdcmpeq</name>
         <value>0x5dcd</value>
         <object_component_ref idref="oc-1f8"/>
      </symbol>
      <symbol id="sm-759">
         <name>__aeabi_cdcmple</name>
         <value>0x5dcd</value>
         <object_component_ref idref="oc-1f8"/>
      </symbol>
      <symbol id="sm-75a">
         <name>__aeabi_cdrcmple</name>
         <value>0x5e53</value>
         <object_component_ref idref="oc-268"/>
      </symbol>
      <symbol id="sm-76e">
         <name>__aeabi_ddiv</name>
         <value>0x5781</value>
         <object_component_ref idref="oc-263"/>
      </symbol>
      <symbol id="sm-778">
         <name>__aeabi_d2iz</name>
         <value>0x620d</value>
         <object_component_ref idref="oc-26d"/>
      </symbol>
      <symbol id="sm-782">
         <name>__aeabi_i2d</name>
         <value>0x6391</value>
         <object_component_ref idref="oc-278"/>
      </symbol>
      <symbol id="sm-78f">
         <name>__aeabi_uldivmod</name>
         <value>0x5d37</value>
         <object_component_ref idref="oc-25c"/>
      </symbol>
      <symbol id="sm-79e">
         <name>__aeabi_memset</name>
         <value>0x5f5f</value>
         <object_component_ref idref="oc-a3"/>
      </symbol>
      <symbol id="sm-79f">
         <name>memset</name>
         <value>0x5f65</value>
         <object_component_ref idref="oc-a3"/>
      </symbol>
      <symbol id="sm-7a0">
         <name>__aeabi_memset8</name>
         <value>0x5f5f</value>
         <object_component_ref idref="oc-a3"/>
      </symbol>
      <symbol id="sm-7a1">
         <name>__aeabi_memset4</name>
         <value>0x5f5f</value>
         <object_component_ref idref="oc-a3"/>
      </symbol>
      <symbol id="sm-7a2">
         <name>__aeabi_memclr8</name>
         <value>0x5f5d</value>
         <object_component_ref idref="oc-a3"/>
      </symbol>
      <symbol id="sm-7a3">
         <name>__aeabi_memclr4</name>
         <value>0x5f5d</value>
         <object_component_ref idref="oc-a3"/>
      </symbol>
      <symbol id="sm-7a4">
         <name>__aeabi_memclr</name>
         <value>0x5f5d</value>
         <object_component_ref idref="oc-a3"/>
      </symbol>
      <symbol id="sm-7cc">
         <name>__TI_auto_init_nobinit_nopinit</name>
         <value>0x6255</value>
         <object_component_ref idref="oc-128"/>
      </symbol>
      <symbol id="sm-7d6">
         <name>_system_pre_init</name>
         <value>0x64ed</value>
         <object_component_ref idref="oc-a9"/>
      </symbol>
      <symbol id="sm-7e2">
         <name>C$$EXIT</name>
         <value>0x64f1</value>
         <object_component_ref idref="oc-11c"/>
      </symbol>
      <symbol id="sm-7e3">
         <name>abort</name>
         <value>0x64f1</value>
         <object_component_ref idref="oc-11c"/>
      </symbol>
      <symbol id="sm-7f4">
         <name>ltoa</name>
         <value>0x6167</value>
         <object_component_ref idref="oc-272"/>
      </symbol>
      <symbol id="sm-804">
         <name>memccpy</name>
         <value>0x641f</value>
         <object_component_ref idref="oc-215"/>
      </symbol>
      <symbol id="sm-814">
         <name>strchr</name>
         <value>0x6485</value>
         <object_component_ref idref="oc-2a9"/>
      </symbol>
      <symbol id="sm-822">
         <name>strlen</name>
         <value>0x649b</value>
         <object_component_ref idref="oc-1ec"/>
      </symbol>
      <symbol id="sm-838">
         <name>__aeabi_errno_addr</name>
         <value>0x64e5</value>
         <object_component_ref idref="oc-221"/>
      </symbol>
      <symbol id="sm-839">
         <name>errno</name>
         <value>0x200010b8</value>
         <object_component_ref idref="oc-2b9"/>
      </symbol>
      <symbol id="sm-852">
         <name>wcslen</name>
         <value>0x64af</value>
         <object_component_ref idref="oc-21b"/>
      </symbol>
      <symbol id="sm-872">
         <name>frexpl</name>
         <value>0x60ad</value>
         <object_component_ref idref="oc-29d"/>
      </symbol>
      <symbol id="sm-873">
         <name>frexp</name>
         <value>0x60ad</value>
         <object_component_ref idref="oc-29d"/>
      </symbol>
      <symbol id="sm-890">
         <name>scalbn</name>
         <value>0x59dd</value>
         <object_component_ref idref="oc-2a3"/>
      </symbol>
      <symbol id="sm-891">
         <name>scalbnl</name>
         <value>0x59dd</value>
         <object_component_ref idref="oc-2a3"/>
      </symbol>
      <symbol id="sm-892">
         <name>ldexpl</name>
         <value>0x59dd</value>
         <object_component_ref idref="oc-2a3"/>
      </symbol>
      <symbol id="sm-893">
         <name>ldexp</name>
         <value>0x59dd</value>
         <object_component_ref idref="oc-2a3"/>
      </symbol>
      <symbol id="sm-89d">
         <name>__aeabi_idiv0</name>
         <value>0x3e63</value>
         <object_component_ref idref="oc-2e0"/>
      </symbol>
      <symbol id="sm-89e">
         <name>__aeabi_ldiv0</name>
         <value>0x3e63</value>
         <object_component_ref idref="oc-2e0"/>
      </symbol>
      <symbol id="sm-8a8">
         <name>copysign</name>
         <value>0x643b</value>
         <object_component_ref idref="oc-2f8"/>
      </symbol>
      <symbol id="sm-8a9">
         <name>copysignl</name>
         <value>0x643b</value>
         <object_component_ref idref="oc-2f8"/>
      </symbol>
      <symbol id="sm-8aa">
         <name>__TI_static_base__</name>
         <value>0x0</value>
      </symbol>
      <symbol id="sm-8ad">
         <name>__mpu_init</name>
         <value>0x0</value>
      </symbol>
      <symbol id="sm-8ae">
         <name>_system_post_cinit</name>
         <value>0x0</value>
      </symbol>
   </symbol_table>
   <title>Link successful</title>
</link_info>
